components/shared/phone-input-field.tsx(107,25): error TS2322: Type '{ children: Element; asChild: true; }' is not assignable to type 'IntrinsicAttributes & NativeButtonProps & Omit<WithBaseUIEvent<DetailedHTMLProps<ButtonHTMLAttributes<HTMLButtonElement>, HTMLButtonElement>>, "defaultValue" | ... 2 more ... | "defaultChecked"> & { ...; } & { ...; }'.
  Property 'asChild' does not exist on type 'IntrinsicAttributes & NativeButtonProps & Omit<WithBaseUIEvent<DetailedHTMLProps<ButtonHTMLAttributes<HTMLButtonElement>, HTMLButtonElement>>, "defaultValue" | ... 2 more ... | "defaultChecked"> & { ...; } & { ...; }'.
features/onboarding/components/company-form.tsx(280,9): error TS2561: Object literal may only specify known properties, but 'address2' does not exist in type 'CreateDirectorDto'. Did you mean to write 'address1'?
features/onboarding/components/company-form.tsx(303,11): error TS2561: Object literal may only specify known properties, but 'address2' does not exist in type 'CreateUboDto'. Did you mean to write 'address1'?
features/onboarding/components/company-form.tsx(414,44): error TS2345: Argument of type 'string | null' is not assignable to parameter of type 'string'.
  Type 'null' is not assignable to type 'string'.
features/onboarding/components/company-form.tsx(902,39): error TS2345: Argument of type '{ first_name: string; last_name: string; ownership_percent: number; email: string; is_pep: false; has_control: false; nationality: undefined; }' is not assignable to parameter of type '{ first_name: string; last_name: string; ownership_percent: number; address1: string; city: string; country: string; email: string; is_pep: boolean; date_of_birth?: string | undefined; nationality?: string | undefined; ... 7 more ...; doc_id?: any; } | { ...; }[]'.
  Type '{ first_name: string; last_name: string; ownership_percent: number; email: string; is_pep: false; has_control: false; nationality: undefined; }' is missing the following properties from type '{ first_name: string; last_name: string; ownership_percent: number; address1: string; city: string; country: string; email: string; is_pep: boolean; date_of_birth?: string | undefined; nationality?: string | undefined; ... 7 more ...; doc_id?: any; }': address1, city, country
features/payments/hooks/use-payments-module.ts(51,25): error TS2339: Property 'getPsavConfig' does not exist on type '{ getOrders(params?: OrderFilter | undefined): Promise<PaymentOrder[]>; getOrder(orderId: string): Promise<PaymentOrder>; ... 10 more ...; getExchangeRate(pair: string): Promise<...>; }'.
features/staff/components/staff-action-dialogs.tsx(55,9): error TS2367: This comparison appears to be unintentional because the types 'OnboardingStatus' and '"verified"' have no overlap.
features/staff/components/staff-action-dialogs.tsx(56,9): error TS2367: This comparison appears to be unintentional because the types 'OnboardingStatus' and '"needs_changes"' have no overlap.
features/staff/components/staff-action-dialogs.tsx(89,154): error TS2367: This comparison appears to be unintentional because the types 'OnboardingStatus' and '"verified"' have no overlap.
features/staff/components/staff-action-dialogs.tsx(123,88): error TS2322: Type '"rejected" | "verified" | "needs_changes"' is not assignable to type '"rejected"'.
  Type '"verified"' is not assignable to type '"rejected"'.
services/staff.service.ts(158,9): error TS2367: This comparison appears to be unintentional because the types '"rejected"' and '"verified"' have no overlap.
